====================================================================================================
RANK-2 BSD FALSIFICATION SWEEP -- saturation proved per curve, no table lookups
====================================================================================================
ainvs                       N      mu    m<=  sat        Reg                Sha_an ball  ints   sq     verdict
[0, -1, 0, -12, 4]       3752  0.3496      1 True    0.29338       [1.0000 +/- 3.22e-5]     1    1  CONSISTENT
[0, -1, 0, -10, -7]      5956  0.3499      2 True    0.51535        [1.000 +/- 2.21e-5]     1    1  CONSISTENT
[0, -1, 0, -6, 1]        3940  0.3492      1 True    0.35339        [1.000 +/- 2.41e-5]     1    1  CONSISTENT
[0, -1, 0, -6, 4]        7328  0.3494      2 True    0.61906       [1.0000 +/- 1.90e-5]     1    1  CONSISTENT
[0, -1, 1, -12, 2]       5649  0.3500      1 True    0.18336       [1.0000 +/- 3.71e-5]     1    1  CONSISTENT
[0, -1, 1, -9, 9]        1147  0.3070      2 True    0.29162       [1.0000 +/- 3.43e-5]     1    1  CONSISTENT
[0, -1, 1, -9, 11]       7719  0.3495      2 True    0.54074       [1.0000 +/- 2.43e-5]     1    1  CONSISTENT
[0, -1, 1, -8, -4]       6279  0.3494      2 True    0.42935       [1.0000 +/- 2.55e-5]     1    1  CONSISTENT
[0, -1, 1, -7, 0]        7743  0.3498      2 True    0.57245       [1.0000 +/- 2.33e-5]     1    1  CONSISTENT
[0, -1, 1, -6, 2]        5415  0.3494      1 True    0.33032       [1.0000 +/- 2.34e-5]     1    1  CONSISTENT
[0, -1, 1, -6, 6]        1745  0.3498      1 True    0.19886       [1.0000 +/- 3.27e-5]     1    1  CONSISTENT
[0, -1, 1, -5, -3]        997  0.3439      2 True    0.57102       [1.0000 +/- 2.50e-5]     1    1  CONSISTENT
[0, -1, 1, -4, 0]        4629  0.3496      2 True    0.61105       [1.0000 +/- 1.85e-5]     1    1  CONSISTENT
[0, -1, 1, -4, 4]        1717  0.3496      1 True    0.33494        [1.000 +/- 2.29e-5]     1    1  CONSISTENT
[0, -1, 1, -2, 0]         709  0.3488      1 True    0.25868       [1.0000 +/- 2.63e-5]     1    1  CONSISTENT
[0, 0, 0, -7, -5]        5576  0.3498      2 True    0.45588       [1.0000 +/- 2.17e-5]     1    1  CONSISTENT
[0, 0, 0, -4, 1]          916  0.2714      1 True    0.13647        [1.000 +/- 3.63e-5]     1    1  CONSISTENT
[0, 0, 1, -10, -12]      4357  0.3494      3 True    0.96551       [1.0000 +/- 1.66e-5]     1    1  CONSISTENT
[0, 0, 1, -10, 3]        8491  0.3494      2 True    0.53239       [1.0000 +/- 2.36e-5]     1    1  CONSISTENT
[0, 0, 1, -9, -8]        6903  0.3496      2 True    0.42383       [1.0000 +/- 2.13e-5]     1    1  CONSISTENT
